// Jest Snapshot v1, https://goo.gl/fbAQLP

exports[`MessagesList component renders MessagesList 1`] = `
<div
  className="MessagesList"
>
  <blockquote>
    <footer>
      <h4
        className="Attribution"
      />
    </footer>
  </blockquote>
</div>
`;
